// Jest Snapshot v1, https://goo.gl/fbAQLP

exports[`DeckShow renders correctly 1`] = `
<View>
  <View
    style={
      Array [
        Object {
          "marginBottom": 5,
          "marginLeft": 0,
          "marginRight": 0,
          "marginTop": 5,
        },
        undefined,
      ]
    }
  >
    <View
      style={
        Array [
          undefined,
          Object {
            "borderColor": "#007AFF",
            "borderRadius": 6,
            "borderWidth": 1,
            "overflow": "hidden",
          },
          Object {
            "borderColor": "#ed4e5f",
          },
        ]
      }
    >
      <Text
        accessible={true}
        allowFontScaling={true}
        disabled={false}
        ellipsizeMode="tail"
        style={
          Array [
            Object {
              "color": "#007AFF",
              "fontSize": 18,
              "padding": 8,
              "textAlign": "center",
            },
            Object {
              "color": "#ed4e5f",
            },
            Object {
              "paddingVertical": 12,
            },
          ]
        }
      >
        Start
      </Text>
      <View
        accessibilityComponentType="button"
        accessibilityLabel={undefined}
        accessibilityTraits={
          Array [
            "button",
          ]
        }
        accessible={true}
        collapsable={undefined}
        hitSlop={undefined}
        nativeID={undefined}
        onLayout={undefined}
        onResponderGrant={[Function]}
        onResponderMove={[Function]}
        onResponderRelease={[Function]}
        onResponderTerminate={[Function]}
        onResponderTerminationRequest={[Function]}
        onStartShouldSetResponder={[Function]}
        style={
          Object {
            "backgroundColor": "#ed4e5f",
            "height": "100%",
            "opacity": 0,
            "position": "absolute",
            "width": "100%",
          }
        }
        testID={undefined}
      >
        <Text
          accessible={true}
          allowFontScaling={true}
          ellipsizeMode="tail"
          style={
            Array [
              Object {
                "color": "#007AFF",
                "fontSize": 18,
                "padding": 8,
                "textAlign": "center",
              },
              Object {
                "color": "#FFFFFF",
                "paddingVertical": 12,
              },
              undefined,
              undefined,
            ]
          }
        >
          Start
        </Text>
      </View>
    </View>
  </View>
  <View
    style={
      Array [
        Object {
          "marginBottom": 5,
          "marginLeft": 0,
          "marginRight": 0,
          "marginTop": 5,
        },
        undefined,
      ]
    }
  >
    <View
      style={
        Array [
          undefined,
          Object {
            "borderColor": "#007AFF",
            "borderRadius": 6,
            "borderWidth": 1,
            "overflow": "hidden",
          },
          Object {
            "borderColor": "#ed4e5f",
          },
        ]
      }
    >
      <Text
        accessible={true}
        allowFontScaling={true}
        disabled={undefined}
        ellipsizeMode="tail"
        style={
          Array [
            Object {
              "color": "#007AFF",
              "fontSize": 18,
              "padding": 8,
              "textAlign": "center",
            },
            Object {
              "color": "#ed4e5f",
            },
            Object {
              "paddingVertical": 12,
            },
          ]
        }
      >
        Add card
      </Text>
      <View
        accessibilityComponentType="button"
        accessibilityLabel={undefined}
        accessibilityTraits={
          Array [
            "button",
          ]
        }
        accessible={true}
        collapsable={undefined}
        hitSlop={undefined}
        nativeID={undefined}
        onLayout={undefined}
        onResponderGrant={[Function]}
        onResponderMove={[Function]}
        onResponderRelease={[Function]}
        onResponderTerminate={[Function]}
        onResponderTerminationRequest={[Function]}
        onStartShouldSetResponder={[Function]}
        style={
          Object {
            "backgroundColor": "#ed4e5f",
            "height": "100%",
            "opacity": 0,
            "position": "absolute",
            "width": "100%",
          }
        }
        testID={undefined}
      >
        <Text
          accessible={true}
          allowFontScaling={true}
          ellipsizeMode="tail"
          style={
            Array [
              Object {
                "color": "#007AFF",
                "fontSize": 18,
                "padding": 8,
                "textAlign": "center",
              },
              Object {
                "color": "#FFFFFF",
                "paddingVertical": 12,
              },
              undefined,
              undefined,
            ]
          }
        >
          Add card
        </Text>
      </View>
    </View>
  </View>
  <View
    style={
      Array [
        Object {
          "marginBottom": 5,
          "marginLeft": 0,
          "marginRight": 0,
          "marginTop": 5,
        },
        undefined,
      ]
    }
  >
    <View
      style={
        Array [
          undefined,
          Object {
            "borderColor": "#007AFF",
            "borderRadius": 6,
            "borderWidth": 1,
            "overflow": "hidden",
          },
          Object {
            "borderColor": "#ed4e5f",
          },
        ]
      }
    >
      <Text
        accessible={true}
        allowFontScaling={true}
        disabled={undefined}
        ellipsizeMode="tail"
        style={
          Array [
            Object {
              "color": "#007AFF",
              "fontSize": 18,
              "padding": 8,
              "textAlign": "center",
            },
            Object {
              "color": "#ed4e5f",
            },
            Object {
              "paddingVertical": 12,
            },
          ]
        }
      >
        Delete deck
      </Text>
      <View
        accessibilityComponentType="button"
        accessibilityLabel={undefined}
        accessibilityTraits={
          Array [
            "button",
          ]
        }
        accessible={true}
        collapsable={undefined}
        hitSlop={undefined}
        nativeID={undefined}
        onLayout={undefined}
        onResponderGrant={[Function]}
        onResponderMove={[Function]}
        onResponderRelease={[Function]}
        onResponderTerminate={[Function]}
        onResponderTerminationRequest={[Function]}
        onStartShouldSetResponder={[Function]}
        style={
          Object {
            "backgroundColor": "#ed4e5f",
            "height": "100%",
            "opacity": 0,
            "position": "absolute",
            "width": "100%",
          }
        }
        testID={undefined}
      >
        <Text
          accessible={true}
          allowFontScaling={true}
          ellipsizeMode="tail"
          style={
            Array [
              Object {
                "color": "#007AFF",
                "fontSize": 18,
                "padding": 8,
                "textAlign": "center",
              },
              Object {
                "color": "#FFFFFF",
                "paddingVertical": 12,
              },
              undefined,
              undefined,
            ]
          }
        >
          Delete deck
        </Text>
      </View>
    </View>
  </View>
</View>
`;
