// Jest Snapshot v1, https://goo.gl/fbAQLP

exports[`QuizScore renders correctly 1`] = `
<View>
  <Text
    accessible={true}
    allowFontScaling={true}
    ellipsizeMode="tail"
    style={
      Object {
        "color": "#ED4E5F",
        "fontSize": 35,
        "fontWeight": "bold",
      }
    }
  >
    Finished!
  </Text>
  <Text
    accessible={true}
    allowFontScaling={true}
    ellipsizeMode="tail"
    style={
      Object {
        "fontSize": 24,
        "textAlign": "center",
      }
    }
  >
    40
     correct questions from 
  </Text>
</View>
`;
